<html>
<body>
<pre>
<h1>µVision Build Log</h1>
<h2>Tool Versions:</h2>
IDE-Version: ¦ÌVision V5.36.0.0
Copyright (C) 2021 ARM Ltd and ARM Germany GmbH. All rights reserved.
License Information: c s, bitneifs, LIC=MPPLD-8M7TJ-63SMB-264YG-DDAA5-P7KT5
 
Tool Versions:
Toolchain:       MDK-ARM Plus  Version: 5.36.0.0
Toolchain Path:  D:\Program Files (x86)\Keil_v5\ARM\ARMCLANG\Bin
C Compiler:      ArmClang.exe V6.16
Assembler:       Armasm.exe V6.16
Linker/Locator:  ArmLink.exe V6.16
Library Manager: ArmAr.exe V6.16
Hex Converter:   FromElf.exe V6.16
CPU DLL:         SARMCM3.DLL V5.36.0.0
Dialog DLL:      DCM.DLL V1.17.3.0
Target DLL:      CMSIS_AGDI.dll V1.33.0.0
Dialog DLL:      TCM.DLL V1.53.0.0
 
<h2>Project:</h2>
E:\TASK\FEP100-lowSpeedCar\MCU\DEMO\SPI_DMA\MDK-ARM\SPI_DMA.uvprojx
Project File Date:  03/22/2022

<h2>Output:</h2>
*** Using Compiler 'V6.16', folder: 'D:\Program Files (x86)\Keil_v5\ARM\ARMCLANG\Bin'
Build target 'N32G45x'
compiling n32g45x_exti.c...
compiling n32g45x_iwdg.c...
compiling n32g45x_gpio.c...
compiling misc.c...
compiling system_n32g45x.c...
compiling n32g45x_crc.c...
compiling n32g45x_dma.c...
compiling n32g45x_it.c...
compiling n32g45x_spi.c...
compiling n32g45x_wwdg.c...
compiling main.c...
compiling n32g45x_rcc.c...
linking...
Program Size: Code=3020 RO-data=440 RW-data=36 ZI-data=5476  
FromELF: creating hex file...
After Build - User command #1: fromelf --bin --output=.\bin\SPI_DMA.bin .\Objects\SPI_DMA.axf
".\Objects\SPI_DMA.axf" - 0 Error(s), 0 Warning(s).

<h2>Software Packages used:</h2>

Package Vendor: Nationstech
                http://www.keil.com/pack/Nationstech.N32G45x_DFP.1.0.4.pack
                Nationstech.N32G45x_DFP.1.0.4
                Nationstech N32G45x Series Device Support, Drivers and Examples

<h2>Collection of Component include folders:</h2>
  D:\Program Files (x86)\Keil_v5\Arm\Packs\Nationstech\N32G45x_DFP\1.0.4\firmware\CMSIS\device

<h2>Collection of Component Files used:</h2>
Build Time Elapsed:  00:00:02
</pre>
</body>
</html>
