<html>
<body>
<pre>
<h1>µVision Build Log</h1>
<h2>Tool Versions:</h2>
IDE-Version: ¦ÌVision V5.36.0.0
Copyright (C) 2021 ARM Ltd and ARM Germany GmbH. All rights reserved.
License Information: c s, bitneifs, LIC=MPPLD-8M7TJ-63SMB-264YG-DDAA5-P7KT5
 
Tool Versions:
Toolchain:       MDK-ARM Plus  Version: 5.36.0.0
Toolchain Path:  D:\Program Files (x86)\Keil_v5\ARM\ARMCC\Bin
C Compiler:      Armcc.exe V5.06 update 7 (build 960)
Assembler:       Armasm.exe V5.06 update 7 (build 960)
Linker/Locator:  ArmLink.exe V5.06 update 7 (build 960)
Library Manager: ArmAr.exe V5.06 update 7 (build 960)
Hex Converter:   FromElf.exe V5.06 update 7 (build 960)
CPU DLL:         SARMCM3.DLL V5.36.0.0
Dialog DLL:      DCM.DLL V1.17.3.0
Target DLL:      UL2CM3.DLL V1.164.0.0
Dialog DLL:      TCM.DLL V1.53.0.0
 
<h2>Project:</h2>
E:\TASK\FEP100-lowSpeedCar\MCU\DEMO\CAN_Tx_Rx\MDK-ARM\CAN_Tx_Rx.uvprojx
Project File Date:  03/17/2022

<h2>Output:</h2>
*** Using Compiler 'V5.06 update 7 (build 960)', folder: 'D:\Program Files (x86)\Keil_v5\ARM\ARMCC\Bin'
Build target 'N32G45x'
compiling system_n32g45x.c...
compiling misc.c...
compiling n32g45x_gpio.c...
compiling n32g45x_dbg.c...
compiling n32g45x_pwr.c...
compiling n32g45x_can.c...
compiling n32g45x_flash.c...
compiling main.c...
compiling n32g45x_bkp.c...
compiling User_LED_Config.c...
compiling n32g45x_usart.c...
compiling n32g45x_rcc.c...
compiling User_Can_Config.c...
compiling n32g45x_rtc.c...
compiling User_Usart_Config.c...
compiling n32g45x_it.c...
compiling User_Systick_Config.c...
linking...
Program Size: Code=9692 RO-data=520 RW-data=24 ZI-data=5640  
FromELF: creating hex file...
".\Objects\CAN_Transmit_Project.axf" - 0 Error(s), 0 Warning(s).

<h2>Software Packages used:</h2>

Package Vendor: Nationstech
                http://www.keil.com/pack/Nationstech.N32G45x_DFP.1.0.4.pack
                Nationstech.N32G45x_DFP.1.0.4
                Nationstech N32G45x Series Device Support, Drivers and Examples

<h2>Collection of Component include folders:</h2>
  D:\Program Files (x86)\Keil_v5\Arm\Packs\Nationstech\N32G45x_DFP\1.0.4\firmware\CMSIS\device

<h2>Collection of Component Files used:</h2>
Build Time Elapsed:  00:00:04
</pre>
</body>
</html>
